[2026-10-02T07:55:29.733+0000] {local_task_job_runner.py:123} INFO - ::group::Pre task execution logs
[2026-10-02T07:55:29.759+0000] {taskinstance.py:2613} INFO - Dependencies all met for dep_context=non-requeueable deps ti=<TaskInstance: water_quality_training_pipeline.reshape_data manual__2026-10-02T07:55:28.507582+00:00 [queued]>
[2026-10-02T07:55:29.770+0000] {taskinstance.py:2613} INFO - Dependencies all met for dep_context=requeueable deps ti=<TaskInstance: water_quality_training_pipeline.reshape_data manual__2026-10-02T07:55:28.507582+00:00 [queued]>
[2026-10-02T07:55:29.770+0000] {taskinstance.py:2866} INFO - Starting attempt 1 of 1
[2026-10-02T07:55:29.790+0000] {taskinstance.py:2889} INFO - Executing <Task(BashOperator): reshape_data> on 2026-10-02 07:55:28.507582+00:00
[2026-10-02T07:55:29.807+0000] {logging_mixin.py:190} WARNING - /home/***/.local/lib/python3.12/site-packages/***/task/task_runner/standard_task_runner.py:70 DeprecationWarning: This process (pid=1515) is multi-threaded, use of fork() may lead to deadlocks in the child.
[2026-10-02T07:55:29.808+0000] {standard_task_runner.py:72} INFO - Started process 1516 to run task
[2026-10-02T07:55:29.808+0000] {standard_task_runner.py:104} INFO - Running: ['***', 'tasks', 'run', 'water_quality_training_pipeline', 'reshape_data', 'manual__2026-10-02T07:55:28.507582+00:00', '--job-id', '9', '--raw', '--subdir', 'DAGS_FOLDER/water_quality_pipeline_dag.py', '--cfg-path', '/tmp/tmpn23cktpt']
[2026-10-02T07:55:29.812+0000] {standard_task_runner.py:105} INFO - Job 9: Subtask reshape_data
[2026-10-02T07:55:29.880+0000] {task_command.py:467} INFO - Running <TaskInstance: water_quality_training_pipeline.reshape_data manual__2026-10-02T07:55:28.507582+00:00 [running]> on host d76a494eda1f
[2026-10-02T07:55:30.003+0000] {taskinstance.py:3132} INFO - Exporting env vars: AIRFLOW_CTX_DAG_OWNER='***' AIRFLOW_CTX_DAG_ID='water_quality_training_pipeline' AIRFLOW_CTX_TASK_ID='reshape_data' AIRFLOW_CTX_EXECUTION_DATE='2026-10-02T07:55:28.507582+00:00' AIRFLOW_CTX_TRY_NUMBER='1' AIRFLOW_CTX_DAG_RUN_ID='manual__2026-10-02T07:55:28.507582+00:00'
[2026-10-02T07:55:30.005+0000] {taskinstance.py:731} INFO - ::endgroup::
[2026-10-02T07:55:30.033+0000] {subprocess.py:78} INFO - Tmp dir root location: /tmp
[2026-10-02T07:55:30.034+0000] {subprocess.py:88} INFO - Running command: ['/usr/bin/bash', '-c', 'cd /opt/***/ml_pipeline && python data_pipeline.py']
[2026-10-02T07:55:30.056+0000] {subprocess.py:99} INFO - Output:
[2026-10-02T07:55:31.482+0000] {subprocess.py:106} INFO - (26085, 19)
[2026-10-02T07:55:31.482+0000] {subprocess.py:106} INFO - is_hazard
[2026-10-02T07:55:31.483+0000] {subprocess.py:106} INFO - 0    0.95392
[2026-10-02T07:55:31.483+0000] {subprocess.py:106} INFO - 1    0.04608
[2026-10-02T07:55:31.483+0000] {subprocess.py:106} INFO - Name: proportion, dtype: float64
[2026-10-02T07:55:31.484+0000] {subprocess.py:106} INFO - Hazard bounds (train IQR): (0.6064814814814816, 0.7175925925925923)
[2026-10-02T07:55:31.554+0000] {subprocess.py:110} INFO - Command exited with return code 0
[2026-10-02T07:55:31.588+0000] {taskinstance.py:340} INFO - ::group::Post task execution logs
[2026-10-02T07:55:31.589+0000] {taskinstance.py:352} INFO - Marking task as SUCCESS. dag_id=water_quality_training_pipeline, task_id=reshape_data, run_id=manual__2026-10-02T07:55:28.507582+00:00, execution_date=20261002T075528, start_date=20261002T075529, end_date=20261002T075531
[2026-10-02T07:55:31.629+0000] {local_task_job_runner.py:266} INFO - Task exited with return code 0
[2026-10-02T07:55:31.666+0000] {taskinstance.py:3895} INFO - 1 downstream tasks scheduled from follow-on schedule check
[2026-10-02T07:55:31.668+0000] {local_task_job_runner.py:245} INFO - ::endgroup::
