[2026-10-02T07:05:16.883+0000] {local_task_job_runner.py:123} INFO - ::group::Pre task execution logs
[2026-10-02T07:05:16.905+0000] {taskinstance.py:2613} INFO - Dependencies all met for dep_context=non-requeueable deps ti=<TaskInstance: water_quality_training_pipeline.reshape_data manual__2026-10-02T07:05:16.408467+00:00 [queued]>
[2026-10-02T07:05:16.912+0000] {taskinstance.py:2613} INFO - Dependencies all met for dep_context=requeueable deps ti=<TaskInstance: water_quality_training_pipeline.reshape_data manual__2026-10-02T07:05:16.408467+00:00 [queued]>
[2026-10-02T07:05:16.912+0000] {taskinstance.py:2866} INFO - Starting attempt 1 of 1
[2026-10-02T07:05:16.924+0000] {taskinstance.py:2889} INFO - Executing <Task(BashOperator): reshape_data> on 2026-10-02 07:05:16.408467+00:00
[2026-10-02T07:05:16.940+0000] {standard_task_runner.py:104} INFO - Running: ['***', 'tasks', 'run', 'water_quality_training_pipeline', 'reshape_data', 'manual__2026-10-02T07:05:16.408467+00:00', '--job-id', '3', '--raw', '--subdir', 'DAGS_FOLDER/water_quality_pipeline_dag.py', '--cfg-path', '/tmp/tmp25ik0n6l']
[2026-10-02T07:05:16.942+0000] {logging_mixin.py:190} WARNING - /home/***/.local/lib/python3.12/site-packages/***/task/task_runner/standard_task_runner.py:70 DeprecationWarning: This process (pid=719) is multi-threaded, use of fork() may lead to deadlocks in the child.
[2026-10-02T07:05:16.944+0000] {standard_task_runner.py:105} INFO - Job 3: Subtask reshape_data
[2026-10-02T07:05:16.945+0000] {standard_task_runner.py:72} INFO - Started process 720 to run task
[2026-10-02T07:05:17.010+0000] {task_command.py:467} INFO - Running <TaskInstance: water_quality_training_pipeline.reshape_data manual__2026-10-02T07:05:16.408467+00:00 [running]> on host 1072605e2d81
[2026-10-02T07:05:17.120+0000] {taskinstance.py:3132} INFO - Exporting env vars: AIRFLOW_CTX_DAG_OWNER='***' AIRFLOW_CTX_DAG_ID='water_quality_training_pipeline' AIRFLOW_CTX_TASK_ID='reshape_data' AIRFLOW_CTX_EXECUTION_DATE='2026-10-02T07:05:16.408467+00:00' AIRFLOW_CTX_TRY_NUMBER='1' AIRFLOW_CTX_DAG_RUN_ID='manual__2026-10-02T07:05:16.408467+00:00'
[2026-10-02T07:05:17.121+0000] {taskinstance.py:731} INFO - ::endgroup::
[2026-10-02T07:05:17.148+0000] {subprocess.py:78} INFO - Tmp dir root location: /tmp
[2026-10-02T07:05:17.149+0000] {subprocess.py:88} INFO - Running command: ['/usr/bin/bash', '-c', 'cd /opt/***/ml_pipeline && python data_pipeline.py']
[2026-10-02T07:05:17.162+0000] {subprocess.py:99} INFO - Output:
[2026-10-02T07:05:18.278+0000] {subprocess.py:106} INFO - (26085, 19)
[2026-10-02T07:05:18.279+0000] {subprocess.py:106} INFO - is_hazard
[2026-10-02T07:05:18.279+0000] {subprocess.py:106} INFO - 0    0.95392
[2026-10-02T07:05:18.279+0000] {subprocess.py:106} INFO - 1    0.04608
[2026-10-02T07:05:18.279+0000] {subprocess.py:106} INFO - Name: proportion, dtype: float64
[2026-10-02T07:05:18.280+0000] {subprocess.py:106} INFO - Hazard bounds (train IQR): (0.6064814814814816, 0.7175925925925923)
[2026-10-02T07:05:18.280+0000] {subprocess.py:106} INFO - Traceback (most recent call last):
[2026-10-02T07:05:18.280+0000] {subprocess.py:106} INFO -   File "/opt/***/ml_pipeline/data_pipeline.py", line 127, in <module>
[2026-10-02T07:05:18.280+0000] {subprocess.py:106} INFO -     df.to_csv("data/water_quality_processed.csv", index=False)
[2026-10-02T07:05:18.280+0000] {subprocess.py:106} INFO -   File "/home/***/.local/lib/python3.12/site-packages/pandas/core/generic.py", line 3902, in to_csv
[2026-10-02T07:05:18.281+0000] {subprocess.py:106} INFO -     return DataFrameRenderer(formatter).to_csv(
[2026-10-02T07:05:18.281+0000] {subprocess.py:106} INFO -            ^^^^^^^^^^^^^^^^^^^^^^^^^^^^^^^^^^^^
[2026-10-02T07:05:18.281+0000] {subprocess.py:106} INFO -   File "/home/***/.local/lib/python3.12/site-packages/pandas/io/formats/format.py", line 1152, in to_csv
[2026-10-02T07:05:18.281+0000] {subprocess.py:106} INFO -     csv_formatter.save()
[2026-10-02T07:05:18.281+0000] {subprocess.py:106} INFO -   File "/home/***/.local/lib/python3.12/site-packages/pandas/io/formats/csvs.py", line 247, in save
[2026-10-02T07:05:18.282+0000] {subprocess.py:106} INFO -     with get_handle(
[2026-10-02T07:05:18.282+0000] {subprocess.py:106} INFO -          ^^^^^^^^^^^
[2026-10-02T07:05:18.282+0000] {subprocess.py:106} INFO -   File "/home/***/.local/lib/python3.12/site-packages/pandas/io/common.py", line 863, in get_handle
[2026-10-02T07:05:18.282+0000] {subprocess.py:106} INFO -     handle = open(
[2026-10-02T07:05:18.282+0000] {subprocess.py:106} INFO -              ^^^^^
[2026-10-02T07:05:18.282+0000] {subprocess.py:106} INFO - PermissionError: [Errno 13] Permission denied: 'data/water_quality_processed.csv'
[2026-10-02T07:05:18.355+0000] {subprocess.py:110} INFO - Command exited with return code 1
[2026-10-02T07:05:18.378+0000] {taskinstance.py:3311} ERROR - Task failed with exception
Traceback (most recent call last):
  File "/home/airflow/.local/lib/python3.12/site-packages/airflow/models/taskinstance.py", line 767, in _execute_task
    result = _execute_callable(context=context, **execute_callable_kwargs)
             ^^^^^^^^^^^^^^^^^^^^^^^^^^^^^^^^^^^^^^^^^^^^^^^^^^^^^^^^^^^^^
  File "/home/airflow/.local/lib/python3.12/site-packages/airflow/models/taskinstance.py", line 733, in _execute_callable
    return ExecutionCallableRunner(
           ^^^^^^^^^^^^^^^^^^^^^^^^
  File "/home/airflow/.local/lib/python3.12/site-packages/airflow/utils/operator_helpers.py", line 252, in run
    return self.func(*args, **kwargs)
           ^^^^^^^^^^^^^^^^^^^^^^^^^^
  File "/home/airflow/.local/lib/python3.12/site-packages/airflow/models/baseoperator.py", line 417, in wrapper
    return func(self, *args, **kwargs)
           ^^^^^^^^^^^^^^^^^^^^^^^^^^^
  File "/home/airflow/.local/lib/python3.12/site-packages/airflow/operators/bash.py", line 276, in execute
    raise AirflowException(
airflow.exceptions.AirflowException: Bash command failed. The command returned a non-zero exit code 1.
[2026-10-02T07:05:18.385+0000] {taskinstance.py:1225} INFO - Marking task as FAILED. dag_id=water_quality_training_pipeline, task_id=reshape_data, run_id=manual__2026-10-02T07:05:16.408467+00:00, execution_date=20261002T070516, start_date=20261002T070516, end_date=20261002T070518
[2026-10-02T07:05:18.404+0000] {taskinstance.py:340} INFO - ::group::Post task execution logs
[2026-10-02T07:05:18.405+0000] {standard_task_runner.py:124} ERROR - Failed to execute job 3 for task reshape_data (Bash command failed. The command returned a non-zero exit code 1.; 720)
Traceback (most recent call last):
  File "/home/airflow/.local/lib/python3.12/site-packages/airflow/task/task_runner/standard_task_runner.py", line 117, in _start_by_fork
    ret = args.func(args, dag=self.dag)
          ^^^^^^^^^^^^^^^^^^^^^^^^^^^^^
  File "/home/airflow/.local/lib/python3.12/site-packages/airflow/cli/cli_config.py", line 49, in command
    return func(*args, **kwargs)
           ^^^^^^^^^^^^^^^^^^^^^
  File "/home/airflow/.local/lib/python3.12/site-packages/airflow/utils/cli.py", line 116, in wrapper
    return f(*args, **kwargs)
           ^^^^^^^^^^^^^^^^^^
  File "/home/airflow/.local/lib/python3.12/site-packages/airflow/cli/commands/task_command.py", line 483, in task_run
    task_return_code = _run_task_by_selected_method(args, _dag, ti)
                       ^^^^^^^^^^^^^^^^^^^^^^^^^^^^^^^^^^^^^^^^^^^^
  File "/home/airflow/.local/lib/python3.12/site-packages/airflow/cli/commands/task_command.py", line 256, in _run_task_by_selected_method
    return _run_raw_task(args, ti)
           ^^^^^^^^^^^^^^^^^^^^^^^
  File "/home/airflow/.local/lib/python3.12/site-packages/airflow/cli/commands/task_command.py", line 341, in _run_raw_task
    return ti._run_raw_task(
           ^^^^^^^^^^^^^^^^^
  File "/home/airflow/.local/lib/python3.12/site-packages/airflow/utils/session.py", line 97, in wrapper
    return func(*args, session=session, **kwargs)
           ^^^^^^^^^^^^^^^^^^^^^^^^^^^^^^^^^^^^^^
  File "/home/airflow/.local/lib/python3.12/site-packages/airflow/models/taskinstance.py", line 3005, in _run_raw_task
    return _run_raw_task(
           ^^^^^^^^^^^^^^
  File "/home/airflow/.local/lib/python3.12/site-packages/airflow/models/taskinstance.py", line 273, in _run_raw_task
    TaskInstance._execute_task_with_callbacks(
  File "/home/airflow/.local/lib/python3.12/site-packages/airflow/models/taskinstance.py", line 3159, in _execute_task_with_callbacks
    result = self._execute_task(context, task_orig)
             ^^^^^^^^^^^^^^^^^^^^^^^^^^^^^^^^^^^^^^
  File "/home/airflow/.local/lib/python3.12/site-packages/airflow/models/taskinstance.py", line 3183, in _execute_task
    return _execute_task(self, context, task_orig)
           ^^^^^^^^^^^^^^^^^^^^^^^^^^^^^^^^^^^^^^^
  File "/home/airflow/.local/lib/python3.12/site-packages/airflow/models/taskinstance.py", line 767, in _execute_task
    result = _execute_callable(context=context, **execute_callable_kwargs)
             ^^^^^^^^^^^^^^^^^^^^^^^^^^^^^^^^^^^^^^^^^^^^^^^^^^^^^^^^^^^^^
  File "/home/airflow/.local/lib/python3.12/site-packages/airflow/models/taskinstance.py", line 733, in _execute_callable
    return ExecutionCallableRunner(
           ^^^^^^^^^^^^^^^^^^^^^^^^
  File "/home/airflow/.local/lib/python3.12/site-packages/airflow/utils/operator_helpers.py", line 252, in run
    return self.func(*args, **kwargs)
           ^^^^^^^^^^^^^^^^^^^^^^^^^^
  File "/home/airflow/.local/lib/python3.12/site-packages/airflow/models/baseoperator.py", line 417, in wrapper
    return func(self, *args, **kwargs)
           ^^^^^^^^^^^^^^^^^^^^^^^^^^^
  File "/home/airflow/.local/lib/python3.12/site-packages/airflow/operators/bash.py", line 276, in execute
    raise AirflowException(
airflow.exceptions.AirflowException: Bash command failed. The command returned a non-zero exit code 1.
[2026-10-02T07:05:18.451+0000] {local_task_job_runner.py:266} INFO - Task exited with return code 1
[2026-10-02T07:05:18.499+0000] {taskinstance.py:3895} INFO - 0 downstream tasks scheduled from follow-on schedule check
[2026-10-02T07:05:18.504+0000] {local_task_job_runner.py:245} INFO - ::endgroup::
