[2026-10-02T07:54:32.665+0000] {local_task_job_runner.py:123} INFO - ::group::Pre task execution logs
[2026-10-02T07:54:32.692+0000] {taskinstance.py:2613} INFO - Dependencies all met for dep_context=non-requeueable deps ti=<TaskInstance: water_quality_training_pipeline.reshape_data manual__2026-10-02T07:54:31.735105+00:00 [queued]>
[2026-10-02T07:54:32.703+0000] {taskinstance.py:2613} INFO - Dependencies all met for dep_context=requeueable deps ti=<TaskInstance: water_quality_training_pipeline.reshape_data manual__2026-10-02T07:54:31.735105+00:00 [queued]>
[2026-10-02T07:54:32.703+0000] {taskinstance.py:2866} INFO - Starting attempt 1 of 1
[2026-10-02T07:54:32.723+0000] {taskinstance.py:2889} INFO - Executing <Task(BashOperator): reshape_data> on 2026-10-02 07:54:31.735105+00:00
[2026-10-02T07:54:32.737+0000] {logging_mixin.py:190} WARNING - /home/***/.local/lib/python3.12/site-packages/***/task/task_runner/standard_task_runner.py:70 DeprecationWarning: This process (pid=1341) is multi-threaded, use of fork() may lead to deadlocks in the child.
[2026-10-02T07:54:32.739+0000] {standard_task_runner.py:72} INFO - Started process 1342 to run task
[2026-10-02T07:54:32.740+0000] {standard_task_runner.py:104} INFO - Running: ['***', 'tasks', 'run', 'water_quality_training_pipeline', 'reshape_data', 'manual__2026-10-02T07:54:31.735105+00:00', '--job-id', '7', '--raw', '--subdir', 'DAGS_FOLDER/water_quality_pipeline_dag.py', '--cfg-path', '/tmp/tmpgwq35ad0']
[2026-10-02T07:54:32.744+0000] {standard_task_runner.py:105} INFO - Job 7: Subtask reshape_data
[2026-10-02T07:54:32.812+0000] {task_command.py:467} INFO - Running <TaskInstance: water_quality_training_pipeline.reshape_data manual__2026-10-02T07:54:31.735105+00:00 [running]> on host d76a494eda1f
[2026-10-02T07:54:32.954+0000] {taskinstance.py:3132} INFO - Exporting env vars: AIRFLOW_CTX_DAG_OWNER='***' AIRFLOW_CTX_DAG_ID='water_quality_training_pipeline' AIRFLOW_CTX_TASK_ID='reshape_data' AIRFLOW_CTX_EXECUTION_DATE='2026-10-02T07:54:31.735105+00:00' AIRFLOW_CTX_TRY_NUMBER='1' AIRFLOW_CTX_DAG_RUN_ID='manual__2026-10-02T07:54:31.735105+00:00'
[2026-10-02T07:54:32.956+0000] {taskinstance.py:731} INFO - ::endgroup::
[2026-10-02T07:54:32.986+0000] {subprocess.py:78} INFO - Tmp dir root location: /tmp
[2026-10-02T07:54:32.987+0000] {subprocess.py:88} INFO - Running command: ['/usr/bin/bash', '-c', 'cd /opt/***/ml_pipeline && python data_pipeline.py']
[2026-10-02T07:54:33.014+0000] {subprocess.py:99} INFO - Output:
[2026-10-02T07:54:34.586+0000] {subprocess.py:106} INFO - (26085, 19)
[2026-10-02T07:54:34.586+0000] {subprocess.py:106} INFO - is_hazard
[2026-10-02T07:54:34.587+0000] {subprocess.py:106} INFO - 0    0.95392
[2026-10-02T07:54:34.587+0000] {subprocess.py:106} INFO - 1    0.04608
[2026-10-02T07:54:34.587+0000] {subprocess.py:106} INFO - Name: proportion, dtype: float64
[2026-10-02T07:54:34.587+0000] {subprocess.py:106} INFO - Hazard bounds (train IQR): (0.6064814814814816, 0.7175925925925923)
[2026-10-02T07:54:34.663+0000] {subprocess.py:110} INFO - Command exited with return code 0
[2026-10-02T07:54:34.698+0000] {taskinstance.py:340} INFO - ::group::Post task execution logs
[2026-10-02T07:54:34.698+0000] {taskinstance.py:352} INFO - Marking task as SUCCESS. dag_id=water_quality_training_pipeline, task_id=reshape_data, run_id=manual__2026-10-02T07:54:31.735105+00:00, execution_date=20261002T075431, start_date=20261002T075432, end_date=20261002T075434
[2026-10-02T07:54:34.761+0000] {local_task_job_runner.py:266} INFO - Task exited with return code 0
[2026-10-02T07:54:34.795+0000] {taskinstance.py:3895} INFO - 1 downstream tasks scheduled from follow-on schedule check
[2026-10-02T07:54:34.797+0000] {local_task_job_runner.py:245} INFO - ::endgroup::
